toothbrush                          5.94
  0.99 * 6
apples                             12.94
  1.99 * 6.500
2 for 10.0(toothbrush)           --24.06

Total:                             42.94
