toothbrush                          5.94
  0.99 * 6
apples                             12.94
  1.99 * 6.500
3 for 2(toothbrush)                -1.98

Total:                             16.90
