apples                              4.98
  1.99 * 2.500
apples                              1.99

Total:                              6.97
