toothbrush                          5.94
  0.99 * 6
apples                             12.94
  1.99 * 6.500
10.0% off(toothbrush)              -0.59

Total:                             18.28
