toothbrush                          1.98
  0.99 * 2
apples                              4.98
  1.99 * 2.500
10.0% off(toothbrush)              -0.20

Total:                              6.76